// Jest Snapshot v1, https://goo.gl/fbAQLP

exports[`clears coordinates when mouse moves off the map 1`] = `"<div id=\\"ol-coords-case\\" class=\\"wv-coords-container\\" style=\\"width: 230px;\\"></div>"`;

exports[`reprojects (0,0) to (-45, 90) for EPSG:3413 1`] = `"<div id=\\"ol-coords-case\\" class=\\"wv-coords-container\\" style=\\"width: 230px;\\"><div id=\\"coords-panel\\" class=\\"wv-coords-map wv-coords-map-btn\\"><span class=\\"map-coord\\">90.0000°, -45.0000°</span><div class=\\"map-coord-format\\"><span class=\\"map-coord\\">EPSG:3413</span><div aria-label=\\"Change coordinates format\\" class=\\"coord-btn\\"><i class=\\"coord-switch\\"></i></div></div></div></div>"`;

exports[`shows 20°00.000'N, 10°00.000'E when set to degrees and minutes format 1`] = `"<div id=\\"ol-coords-case\\" class=\\"wv-coords-container\\" style=\\"width: 230px;\\"><div id=\\"coords-panel\\" class=\\"wv-coords-map wv-coords-map-btn\\"><span class=\\"map-coord\\">20.0000°, 10.0000°</span><div class=\\"map-coord-format\\"><span class=\\"map-coord\\">EPSG:4326</span><div aria-label=\\"Change coordinates format\\" class=\\"coord-btn\\"><i class=\\"coord-switch\\"></i></div></div></div></div>"`;

exports[`shows coordinates of (-160, 20) when moving the mouse over wrapped 1`] = `"<div id=\\"ol-coords-case\\" class=\\"wv-coords-container\\" style=\\"width: 230px;\\"><div id=\\"coords-panel\\" class=\\"wv-coords-map wv-coords-map-btn\\"><span class=\\"map-coord\\">20.0000°, -160.0000°</span><div class=\\"map-coord-format\\"><span class=\\"map-coord\\">EPSG:4326</span><div aria-label=\\"Change coordinates format\\" class=\\"coord-btn\\"><i class=\\"coord-switch\\"></i></div></div></div></div>"`;

exports[`shows coordinates of (10, 20) when moving the mouse 1`] = `"<div id=\\"ol-coords-case\\" class=\\"wv-coords-container\\" style=\\"width: 230px;\\"><div id=\\"coords-panel\\" class=\\"wv-coords-map wv-coords-map-btn\\"><span class=\\"map-coord\\">20.0000°, 10.0000°</span><div class=\\"map-coord-format\\"><span class=\\"map-coord\\">EPSG:4326</span><div aria-label=\\"Change coordinates format\\" class=\\"coord-btn\\"><i class=\\"coord-switch\\"></i></div></div></div></div>"`;
