// Jest Snapshot v1, https://jestjs.io/docs/snapshot-testing

exports[`Check that cursor-hover class is not present 1`] = `null`;
